// Jest Snapshot v1, https://goo.gl/fbAQLP

exports[`step_advanced_options_task_template.vue Renders component correctly. 1`] = `
VueWrapper {
  "_emitted": Object {},
  "_emittedByOrder": Array [],
  "isFunctionalComponent": undefined,
}
`;
