// Jest Snapshot v1, https://goo.gl/fbAQLP

exports[`step_guides_task_template.vue Renders component correctly. 1`] = `
<v-container fluid="" data-cy="task-template-guide-step">
  <div class="d-flex mb-8 justify-space-between">
    <h1 data-cy="task-template-guide-step-title" class="font-weight-medium text--primary mr-4">
      Guides Setup:
    </h1>
    <tooltip_button tooltip_message="Create Guides" button_color="primary" icon="mdi-plus" button_message="Create Guides" color="white"></tooltip_button>
  </div>
  <v_error_multiple error="[object Object]"></v_error_multiple>
  <p class="text--primary">
    Guides are used to explain annotators the requirements for correctly annotating your files.
    This is an optional step.
  </p>
  <v-container fluid="">
    <h2 data-cy="task-template-guide-step-subtitle" class="ma-0">Set Your Guide (Optional): </h2>
    <guide_selector-stub data-cy="guide-selector"></guide_selector-stub>
  </v-container>
  <wizard_navigation></wizard_navigation>
  <v-dialog nudge-width="200" offset-x="">
    <v_guide_new_or_edit mode="new"></v_guide_new_or_edit>
  </v-dialog>
</v-container>
`;
